Yeni otonom okuma ve yazma testi başarılı!